// Jest Snapshot v1, https://goo.gl/fbAQLP

exports[`<TextField /> renders component 1`] = `
.c0 {
  font-size: 16px;
  font-weight: 400;
  line-height: 1;
}

.c1 {
  width: 100%;
  border: none;
  border-radius: 5px;
  padding: 10px 5px;
  outline: 0;
  background-color: #E0E0E0;
  margin-bottom: 2px;
}

<input
  class="c0 c1"
  name="nome"
  placeholder="Nome"
  required=""
  value="Carol"
/>
`;

exports[`<TextField /> renders component 2`] = `
<label
  aria-label="nome"
  for="nome"
>
  Nome
</label>
`;
